[
  [
    "-push-notification.$domain=~github.com",
    [
      562546
    ]
  ],
  [
    "-push-notification/$domain=~github.com",
    [
      562547
    ]
  ],
  [
    "/accusmartwebpush-fire-push-public.js",
    [
      562548
    ]
  ],
  [
    "/al-fb-notification/assets/scripts/al-main-script.js",
    [
      562549
    ]
  ],
  [
    "/amp-user-notification-",
    [
      562550
    ]
  ],
  [
    "/amp-web-push-0.1.js",
    [
      562551
    ]
  ],
  [
    "/assets/www/notification.",
    [
      562552
    ]
  ],
  [
    "/build/push.js",
    [
      562553
    ]
  ],
  [
    "/checkPush.js",
    [
      562554
    ]
  ],
  [
    "/content/js/push.js",
    [
      562555
    ]
  ],
  [
    "/fcmPush.js",
    [
      562556
    ]
  ],
  [
    "/FeedifySW.js",
    [
      562557
    ]
  ],
  [
    "/flying_push.js",
    [
      562558
    ]
  ],
  [
    "/ilabspush.min.js",
    [
      562559
    ]
  ],
  [
    "/inpl.webpush.js",
    [
      562560
    ]
  ],
  [
    "/jquery-notification.js",
    [
      562561
    ]
  ],
  [
    "/jsb/pushnotifications?",
    [
      562562
    ]
  ],
  [
    "/list_notificaciones.php",
    [
      562563
    ]
  ],
  [
    "/maximizly-push.js",
    [
      562564
    ]
  ],
  [
    "/modules/notifications.$domain=~forum.vivaldi.net",
    [
      562565
    ]
  ],
  [
    "/mp-web-notification.js",
    [
      562566
    ]
  ],
  [
    "/notification-prod-sw.js",
    [
      562567
    ]
  ],
  [
    "/notification-sw.js",
    [
      562568
    ]
  ],
  [
    "/notification/notify.js",
    [
      562569
    ]
  ],
  [
    "/notifyme.js",
    [
      562570
    ]
  ],
  [
    "/notifyme.min.js",
    [
      562571
    ]
  ],
  [
    "/one-signal.js",
    [
      562572
    ]
  ],
  [
    "/one-signal.min.js",
    [
      562573
    ]
  ],
  [
    "/onesignal.js",
    [
      562574
    ]
  ],
  [
    "/onesignal.min.",
    [
      562575
    ]
  ],
  [
    "/onesignal/manifest.",
    [
      562576
    ]
  ],
  [
    "/onesignalfix.js",
    [
      562577
    ]
  ],
  [
    "/OneSignalSDKUpdaterWorker.js",
    [
      562578
    ]
  ],
  [
    "/OneSignalSDKWorker.js",
    [
      562579
    ]
  ],
  [
    "/perfecty-push-sdk.min.js",
    [
      562580
    ]
  ],
  [
    "/plugins/tfnotifier-wp/swloader.php",
    [
      562581
    ]
  ],
  [
    "/push-notification.js",
    [
      562582
    ]
  ],
  [
    "/push-notification.min.js",
    [
      562583
    ]
  ],
  [
    "/push-notification/*$domain=~upwork.com",
    [
      562584
    ]
  ],
  [
    "/push-notifications.$~stylesheet",
    [
      562585
    ]
  ],
  [
    "/push-notifications/*",
    [
      562586
    ]
  ],
  [
    "/push-notifications?",
    [
      562587
    ]
  ],
  [
    "/push-sw.js",
    [
      562588
    ]
  ],
  [
    "/push-worker-$script",
    [
      562589
    ]
  ],
  [
    "/push-wrap.js",
    [
      562590
    ]
  ],
  [
    "/push/sbscr.js",
    [
      562591
    ]
  ],
  [
    "/push/sbscrp.js",
    [
      562592
    ]
  ],
  [
    "/push/subscribe.js",
    [
      562593
    ]
  ],
  [
    "/push_app.js",
    [
      562594
    ]
  ],
  [
    "/push_notification.js",
    [
      562595
    ]
  ],
  [
    "/push_notification.min.js",
    [
      562596
    ]
  ],
  [
    "/push_notification/*",
    [
      562597
    ]
  ],
  [
    "/push_notifications.js",
    [
      562598
    ]
  ],
  [
    "/push_subscription.js",
    [
      562599
    ]
  ],
  [
    "/pushes/firebase.js",
    [
      562600
    ]
  ],
  [
    "/pushes/notification.js",
    [
      562601
    ]
  ],
  [
    "/PushexSDK.js",
    [
      562602
    ]
  ],
  [
    "/pushly-sdk.min.js",
    [
      562603
    ]
  ],
  [
    "/pushNotification.js",
    [
      562604
    ]
  ],
  [
    "/pushNotifications.js",
    [
      562605
    ]
  ],
  [
    "/pushnotifications/*",
    [
      562606
    ]
  ],
  [
    "/pushNotificationSdkJS.js",
    [
      562607
    ]
  ],
  [
    "/pushpro-lib.js",
    [
      562608
    ]
  ],
  [
    "/pushsubscribe.js",
    [
      562609
    ]
  ],
  [
    "/pushup-notification/push-app.js",
    [
      562610
    ]
  ],
  [
    "/pushup-notification/push-messaging.js",
    [
      562611
    ]
  ],
  [
    "/pushv2.js",
    [
      562612
    ]
  ],
  [
    "/pushwoosh-service-worker.js",
    [
      562613
    ]
  ],
  [
    "/pushwoosh-web-notifications.js",
    [
      562614
    ]
  ],
  [
    "/pushwoosh-web-pushes-http-sdk.js",
    [
      562615
    ]
  ],
  [
    "/pushy-ver.js",
    [
      562616
    ]
  ],
  [
    "/scripts/onesignal.js",
    [
      562617
    ]
  ],
  [
    "/site-notification-desk.min.js",
    [
      562618
    ]
  ],
  [
    "/smio-push-notification/js/frontend_webpush.js",
    [
      562619
    ]
  ],
  [
    "/subscribe-push-notifications.js",
    [
      562620
    ]
  ],
  [
    "/web-push-notifications.js",
    [
      562621
    ]
  ],
  [
    "/web-push.js",
    [
      562622
    ]
  ],
  [
    "/web-push/init.min.js",
    [
      562623
    ]
  ],
  [
    "/webalert-notification.js",
    [
      562624
    ]
  ],
  [
    "/webnotf.js",
    [
      562625
    ]
  ],
  [
    "/webnotification.js",
    [
      562626
    ]
  ],
  [
    "/webpush-production.js",
    [
      562627
    ]
  ],
  [
    "/webpush.js",
    [
      562628
    ]
  ],
  [
    "/webpush.min.js",
    [
      562629
    ]
  ],
  [
    "/webpush_register.php",
    [
      562630
    ]
  ],
  [
    "/webPushNotifications.js",
    [
      562631
    ]
  ],
  [
    "/wonderpush-loader.min.js",
    [
      562632
    ]
  ],
  [
    "/wonderpush.js",
    [
      562633
    ]
  ],
  [
    "/wonderpush.min.js",
    [
      562634
    ]
  ],
  [
    "/wordpress-fire-push-public.js",
    [
      562635
    ]
  ],
  [
    "/wp-notification-bars-public.js",
    [
      562636
    ]
  ],
  [
    "/app-banner/*$xmlhttprequest",
    [
      562637
    ]
  ],
  [
    "/jquery.androidbanner.js",
    [
      562638
    ]
  ],
  [
    "/js-mobile-*/header_$script",
    [
      562639
    ]
  ],
  [
    "/js/jquery.smartbanner.js|",
    [
      562640
    ]
  ],
  [
    "/js/jquery.smartbanner.min.js|",
    [
      562641
    ]
  ],
  [
    "/mobile-welcome-overlay/*$script",
    [
      562642
    ]
  ],
  [
    "/smart-app-banner.js",
    [
      562643
    ]
  ],
  [
    "||api-push.com^$third-party",
    [
      562644
    ]
  ],
  [
    "||azureedge.net/js/cookie_notificacao.min.js",
    [
      562645
    ]
  ],
  [
    "||bildirnet.com^$third-party",
    [
      562646
    ]
  ],
  [
    "||braze.com^$third-party",
    [
      562647
    ]
  ],
  [
    "||cappushino.com^$third-party",
    [
      562648
    ]
  ],
  [
    "||cdn.qgr.ph^$third-party",
    [
      562649
    ]
  ],
  [
    "||cdn.qgraph.io^$third-party",
    [
      562650
    ]
  ],
  [
    "||centrnotify.com^$third-party",
    [
      562651
    ]
  ],
  [
    "||checke.biz^$third-party",
    [
      562652
    ]
  ],
  [
    "||confirmit.com^$third-party",
    [
      562653
    ]
  ],
  [
    "||conforama-push.com^$third-party",
    [
      562654
    ]
  ],
  [
    "||contentsitesrv.com/js/push/$third-party",
    [
      562655
    ]
  ],
  [
    "||css.xjsx.lol^$third-party",
    [
      562656
    ]
  ],
  [
    "||digipush.io^$third-party",
    [
      562657
    ]
  ],
  [
    "||dpns-notifications.com^$third-party",
    [
      562658
    ]
  ],
  [
    "||easyfeeed.com^$third-party",
    [
      562659
    ]
  ],
  [
    "||evolok.net^$third-party",
    [
      562660
    ]
  ],
  [
    "||farteniuson.com^$third-party",
    [
      562661
    ]
  ],
  [
    "||getnotification.me^$third-party",
    [
      562662
    ]
  ],
  [
    "||irpush.com^$third-party",
    [
      562663
    ]
  ],
  [
    "||jubi.ai/buttonbot/$script,third-party",
    [
      562664
    ]
  ],
  [
    "||krakenoptimize.com^$third-party",
    [
      562665
    ]
  ],
  [
    "||luravius.com^$third-party",
    [
      562666
    ]
  ],
  [
    "||medallia.com^*/onsite/embed.js",
    [
      562667
    ]
  ],
  [
    "||neopush.io^$third-party",
    [
      562668
    ]
  ],
  [
    "||news2day.me^$third-party",
    [
      562669
    ]
  ],
  [
    "||notification-time.com^$third-party",
    [
      562670
    ]
  ],
  [
    "||notification.tubecup.net^",
    [
      562671
    ]
  ],
  [
    "||notifications.ltd^$third-party",
    [
      562672
    ]
  ],
  [
    "||notifstation.com^$third-party",
    [
      562673
    ]
  ],
  [
    "||notix.io^$third-party",
    [
      562674
    ]
  ],
  [
    "||ntvsw.com^$third-party",
    [
      562675
    ]
  ],
  [
    "||partishion.com^$third-party",
    [
      562676
    ]
  ],
  [
    "||pathlime.com^$third-party",
    [
      562677
    ]
  ],
  [
    "||popmechanic.ru^$third-party",
    [
      562678
    ]
  ],
  [
    "||propush.net^$third-party",
    [
      562679
    ]
  ],
  [
    "||pt.appirits.com^$third-party",
    [
      562680
    ]
  ],
  [
    "||puscomosca.com^$third-party",
    [
      562681
    ]
  ],
  [
    "||push-centr.com^$third-party",
    [
      562682
    ]
  ],
  [
    "||push-centr.net^$third-party",
    [
      562683
    ]
  ],
  [
    "||push-engage.com^$third-party",
    [
      562684
    ]
  ],
  [
    "||push-notifications.top^$third-party",
    [
      562685
    ]
  ],
  [
    "||push-pro.net^$third-party",
    [
      562686
    ]
  ],
  [
    "||push.asahiinteractive.com^",
    [
      562687
    ]
  ],
  [
    "||push.bytesignal.com^",
    [
      562688
    ]
  ],
  [
    "||push.daksham.in^$third-party",
    [
      562689
    ]
  ],
  [
    "||push.delivery.ethinking.de^",
    [
      562690
    ]
  ],
  [
    "||push.delivery^$third-party",
    [
      562691
    ]
  ],
  [
    "||push.esputnik.com^",
    [
      562692
    ]
  ],
  [
    "||push.getbeamer.com^",
    [
      562693
    ]
  ],
  [
    "||push.knd.ro^",
    [
      562694
    ]
  ],
  [
    "||push.newscraft.io^",
    [
      562695
    ]
  ],
  [
    "||push.reamaze.com^",
    [
      562696
    ]
  ],
  [
    "||push.rollout.io^$third-party",
    [
      562697
    ]
  ],
  [
    "||push.world^$third-party",
    [
      562698
    ]
  ],
  [
    "||pushaddict.com^$third-party",
    [
      562699
    ]
  ],
  [
    "||pushango.com^$third-party",
    [
      562700
    ]
  ],
  [
    "||pushassist.com^$third-party",
    [
      562701
    ]
  ],
  [
    "||pushaya.com^$third-party",
    [
      562702
    ]
  ],
  [
    "||pushbaza.com^$third-party",
    [
      562703
    ]
  ],
  [
    "||pushbots.com^$third-party",
    [
      562704
    ]
  ],
  [
    "||pushbox.info^$third-party",
    [
      562705
    ]
  ],
  [
    "||pushcentr.com^$third-party",
    [
      562706
    ]
  ],
  [
    "||pushchev.info^$third-party",
    [
      562707
    ]
  ],
  [
    "||pushcrew.com^$third-party",
    [
      562708
    ]
  ],
  [
    "||pushdealer.com^$third-party",
    [
      562709
    ]
  ],
  [
    "||pushe.co^$third-party",
    [
      562710
    ]
  ],
  [
    "||pusherapp.com^$third-party",
    [
      562711
    ]
  ],
  [
    "||pushinpage.com^$third-party",
    [
      562712
    ]
  ],
  [
    "||pushinstruments.com^$third-party",
    [
      562713
    ]
  ],
  [
    "||pushio.com^$third-party",
    [
      562714
    ]
  ],
  [
    "||pushjunky.com^$third-party",
    [
      562715
    ]
  ],
  [
    "||pushkahouse.com^$third-party",
    [
      562716
    ]
  ],
  [
    "||pushkaplus.com^$third-party",
    [
      562717
    ]
  ],
  [
    "||pushly.com^$third-party",
    [
      562718
    ]
  ],
  [
    "||pushmaster-cdn.xyz^$third-party",
    [
      562719
    ]
  ],
  [
    "||pushmejs.com^$third-party",
    [
      562720
    ]
  ],
  [
    "||pushnews.eu^$third-party",
    [
      562721
    ]
  ],
  [
    "||pushnotifications.click^$third-party",
    [
      562722
    ]
  ],
  [
    "||pushouse.com^$third-party",
    [
      562723
    ]
  ],
  [
    "||pushowl.com^$third-party",
    [
      562724
    ]
  ],
  [
    "||pushpad.xyz^$third-party",
    [
      562725
    ]
  ],
  [
    "||pushpanda.io^$third-party",
    [
      562726
    ]
  ],
  [
    "||pushpro.io^$third-party",
    [
      562727
    ]
  ],
  [
    "||pushprofit.ru^$third-party",
    [
      562728
    ]
  ],
  [
    "||pushprospush.com^$third-party",
    [
      562729
    ]
  ],
  [
    "||pushpushgo.com^$third-party",
    [
      562730
    ]
  ],
  [
    "||pushstack.it^$third-party",
    [
      562731
    ]
  ],
  [
    "||pushtide.com^$third-party",
    [
      562732
    ]
  ],
  [
    "||pushvip.ru^$third-party",
    [
      562733
    ]
  ],
  [
    "||pushwhy.com^$third-party",
    [
      562734
    ]
  ],
  [
    "||pushy.ai^$third-party",
    [
      562735
    ]
  ],
  [
    "||quarepush.com^$third-party",
    [
      562736
    ]
  ],
  [
    "||quaruzon.com^$third-party",
    [
      562737
    ]
  ],
  [
    "||realpush.media^$third-party",
    [
      562738
    ]
  ],
  [
    "||realpush.network^$third-party",
    [
      562739
    ]
  ],
  [
    "||revpusher.com^$third-party",
    [
      562740
    ]
  ],
  [
    "||sckxppzdm.com^$third-party",
    [
      562741
    ]
  ],
  [
    "||signaly.co^$third-party",
    [
      562742
    ]
  ],
  [
    "||snrcdn.net^$third-party",
    [
      562743
    ]
  ],
  [
    "||spacepush.ru^$third-party",
    [
      562744
    ]
  ],
  [
    "||system-notify.app^$third-party",
    [
      562745
    ]
  ],
  [
    "||ternairsoftware.com/publicwebpush/",
    [
      562746
    ]
  ],
  [
    "||topswp.com^$third-party",
    [
      562747
    ]
  ],
  [
    "||unative.com^$third-party",
    [
      562748
    ]
  ],
  [
    "||viafoura.net/push_handlers.js",
    [
      562749
    ]
  ],
  [
    "||virtualpushplatform.com^$third-party",
    [
      562750
    ]
  ],
  [
    "||webpush.jp^$third-party",
    [
      562751
    ]
  ],
  [
    "||webpushr.com^$third-party",
    [
      562752
    ]
  ],
  [
    "||webpushs.com^$third-party",
    [
      562753
    ]
  ],
  [
    "||whitepush.biz^$third-party",
    [
      562754
    ]
  ],
  [
    "||worldpush.co^$third-party",
    [
      562755
    ]
  ],
  [
    "||wps.relateddigital.com^$third-party",
    [
      562756
    ]
  ],
  [
    "||wpush.biz^$third-party",
    [
      562757
    ]
  ],
  [
    "||wpushsdk.com^$third-party",
    [
      562758
    ]
  ],
  [
    "||xedo.me^$third-party",
    [
      562759
    ]
  ],
  [
    "||youlead.pl/webpushprompt.js",
    [
      562760
    ]
  ],
  [
    "||accengage.net^$third-party",
    [
      562761
    ]
  ],
  [
    "||actirinius.com^$third-party",
    [
      562762
    ]
  ],
  [
    "||aimtell.com^$third-party",
    [
      562763
    ]
  ],
  [
    "||alertme.news^$third-party",
    [
      562764
    ]
  ],
  [
    "||amazonaws.com/cdn.aimtell.com/",
    [
      562765
    ]
  ],
  [
    "||aswpsdkeu.com^$third-party",
    [
      562766
    ]
  ],
  [
    "||aswpsdkus.com^$third-party",
    [
      562767
    ]
  ],
  [
    "||bildirt.com^$third-party",
    [
      562768
    ]
  ],
  [
    "||bosspush.com^$third-party",
    [
      562769
    ]
  ],
  [
    "||browserpusher.com^$third-party",
    [
      562770
    ]
  ],
  [
    "||cdn-sitegainer.com^$third-party",
    [
      562771
    ]
  ],
  [
    "||cleverpush.com^$third-party",
    [
      562772
    ]
  ],
  [
    "||copush.com^$third-party",
    [
      562773
    ]
  ],
  [
    "||cracataum.com^$third-party",
    [
      562774
    ]
  ],
  [
    "||danorenius.com^$third-party",
    [
      562775
    ]
  ],
  [
    "||digitalpush.org^$third-party",
    [
      562776
    ]
  ],
  [
    "||edrone.me^$third-party",
    [
      562777
    ]
  ],
  [
    "||face-push.com^$third-party",
    [
      562778
    ]
  ],
  [
    "||feedify.net^$third-party",
    [
      562779
    ]
  ],
  [
    "||feraciumus.com^$third-party",
    [
      562780
    ]
  ],
  [
    "||fernomius.com^$third-party",
    [
      562781
    ]
  ],
  [
    "||fkondate.com^$third-party",
    [
      562782
    ]
  ],
  [
    "||foxpush.com^$third-party",
    [
      562783
    ]
  ],
  [
    "||foxpush.net^$third-party",
    [
      562784
    ]
  ],
  [
    "||getback.ch^$third-party",
    [
      562785
    ]
  ],
  [
    "||getpush.net^$third-party",
    [
      562786
    ]
  ],
  [
    "||getpushmonkey.com^$third-party",
    [
      562787
    ]
  ],
  [
    "||gravitec.net^$third-party",
    [
      562788
    ]
  ],
  [
    "||heroesdom.com^$third-party",
    [
      562789
    ]
  ],
  [
    "||jeeng.com^$third-party",
    [
      562790
    ]
  ],
  [
    "||kattepush.com^$third-party",
    [
      562791
    ]
  ],
  [
    "||master-push.com^$third-party",
    [
      562792
    ]
  ],
  [
    "||master-push.net^$third-party",
    [
      562793
    ]
  ],
  [
    "||misrepush.com^$third-party",
    [
      562794
    ]
  ],
  [
    "||moengage.com^$third-party",
    [
      562795
    ]
  ],
  [
    "||mp3vizor.com^$third-party",
    [
      562796
    ]
  ],
  [
    "||najva.com^$third-party",
    [
      562797
    ]
  ],
  [
    "||nativesubscribe.pro^$third-party",
    [
      562798
    ]
  ],
  [
    "||notifadz.com^$third-party",
    [
      562799
    ]
  ],
  [
    "||notifpush.com^$third-party",
    [
      562800
    ]
  ],
  [
    "||notify.solutions^$third-party",
    [
      562801
    ]
  ],
  [
    "||olgtex.com^$third-party",
    [
      562802
    ]
  ],
  [
    "||on-push.com^$third-party",
    [
      562803
    ]
  ],
  [
    "||onepush.app^$third-party",
    [
      562804
    ]
  ],
  [
    "||provesrc.com^$third-party",
    [
      562805
    ]
  ],
  [
    "||psh.one^$third-party",
    [
      562806
    ]
  ],
  [
    "||push-ad.com^$third-party",
    [
      562807
    ]
  ],
  [
    "||push-free.com^$third-party",
    [
      562808
    ]
  ],
  [
    "||push-house.net^$third-party",
    [
      562809
    ]
  ],
  [
    "||pushalert.co^$third-party",
    [
      562810
    ]
  ],
  [
    "||pushbird.com^$third-party",
    [
      562811
    ]
  ],
  [
    "||pushbullet.com^$third-party",
    [
      562812
    ]
  ],
  [
    "||pushengage.com^$third-party",
    [
      562813
    ]
  ],
  [
    "||pushex.io^$third-party",
    [
      562814
    ]
  ],
  [
    "||pushible.com^$third-party",
    [
      562815
    ]
  ],
  [
    "||pushify.com^$third-party",
    [
      562816
    ]
  ],
  [
    "||pushwoosh.com^$third-party",
    [
      562817
    ]
  ],
  [
    "||reprocautious.com^$third-party",
    [
      562818
    ]
  ],
  [
    "||sendpulse.com^$third-party",
    [
      562819
    ]
  ],
  [
    "||setrowid.com^$third-party",
    [
      562820
    ]
  ],
  [
    "||shroughtened.com^$third-party",
    [
      562821
    ]
  ],
  [
    "||sm-epsilon.com^$third-party",
    [
      562822
    ]
  ],
  [
    "||snd.tc^$third-party",
    [
      562823
    ]
  ],
  [
    "||subscribers.com^$third-party",
    [
      562824
    ]
  ],
  [
    "||truenat.bid^$third-party",
    [
      562825
    ]
  ],
  [
    "||truepush.com^$third-party",
    [
      562826
    ]
  ],
  [
    "||urbanairship.com^$third-party",
    [
      562827
    ]
  ],
  [
    "||viapush.com^$third-party",
    [
      562828
    ]
  ],
  [
    "||webpu.sh^$third-party",
    [
      562829
    ]
  ],
  [
    "||whiteclick.biz^$third-party",
    [
      562830
    ]
  ],
  [
    "||wnpbdan.bid^$third-party",
    [
      562831
    ]
  ],
  [
    "||wonderpush.com^$third-party",
    [
      562832
    ]
  ],
  [
    "||wwclicknews.club^$third-party",
    [
      562833
    ]
  ],
  [
    "||wwclicktm.club^$third-party",
    [
      562834
    ]
  ],
  [
    "||xtremepush.com^$third-party",
    [
      562835
    ]
  ],
  [
    "||app.adjust.net.in/smart_banner",
    [
      562836
    ]
  ],
  [
    "||mobi24.net^$third-party",
    [
      562837
    ]
  ],
  [
    "/firebase-messaging.js$script,domain=tribunnews.com",
    [
      562838
    ]
  ],
  [
    "||9to5terminal.com/push.js",
    [
      562839
    ]
  ],
  [
    "||abendpoint.com/dist/js/push.js",
    [
      562840
    ]
  ],
  [
    "||alerts.ndtv.com^",
    [
      562841
    ]
  ],
  [
    "||alerts.thedailystar.net^",
    [
      562842
    ]
  ],
  [
    "||alibaba.com/sw.js",
    [
      562843
    ]
  ],
  [
    "||annahar.com/assets/js/notifications.js",
    [
      562844
    ]
  ],
  [
    "||astian.org/?push_notification_sw",
    [
      562845
    ]
  ],
  [
    "||bdstatic.com/linksubmit/push.js",
    [
      562846
    ]
  ],
  [
    "||bigbangnews.com/sw.js",
    [
      562847
    ]
  ],
  [
    "||dailymail.co.uk/api/web-push-notification/",
    [
      562848
    ]
  ],
  [
    "||gadgetsnow.com/sw.cms",
    [
      562849
    ]
  ],
  [
    "||gstatic.com/firebasejs/$domain=joins.com",
    [
      562850
    ]
  ],
  [
    "||hindustantimes.com/messaging-sw.js",
    [
      562851
    ]
  ],
  [
    "||hindustantimes.com/sw.js",
    [
      562852
    ]
  ],
  [
    "||hindustantimes.com^*/ht-notification-",
    [
      562853
    ]
  ],
  [
    "||hulkprod.anm.co.uk/api/web-push-notification/",
    [
      562854
    ]
  ],
  [
    "||imyfone.com/*/notification/$script",
    [
      562855
    ]
  ],
  [
    "||indiatimes.com/pn/",
    [
      562856
    ]
  ],
  [
    "||iol.co.za/sw.js",
    [
      562857
    ]
  ],
  [
    "||kogan.com/sw.js",
    [
      562858
    ]
  ],
  [
    "||latestdeals.co.uk/sw.js",
    [
      562859
    ]
  ],
  [
    "||msn.com/bundles/v1/homePage/latest/experiences_conditional-banner",
    [
      562860
    ]
  ],
  [
    "||ndtv.com/js/breaking_pushalert_revised.js",
    [
      562861
    ]
  ],
  [
    "||ndtv.com/sw.js",
    [
      562862
    ]
  ],
  [
    "||newsukraine.rbc.ua/sworker.js",
    [
      562863
    ]
  ],
  [
    "||nookazon.com/firebase-messaging-sw.js",
    [
      562864
    ]
  ],
  [
    "||notify.hindustantimes.com^",
    [
      562865
    ]
  ],
  [
    "||phys.org/push-sw.js",
    [
      562866
    ]
  ],
  [
    "||push.cnnindonesia.com^",
    [
      562867
    ]
  ],
  [
    "||push.ictsd.org^",
    [
      562868
    ]
  ],
  [
    "||renaultsport.com/spip.php?page=sw.js",
    [
      562869
    ]
  ],
  [
    "||rottentomatoes.com/service-worker/sw.js",
    [
      562870
    ]
  ],
  [
    "||rt.com/homescreen-sw.js",
    [
      562871
    ]
  ],
  [
    "||sammobile.com/wp-content/plugins/sam-push-notifications/",
    [
      562872
    ]
  ],
  [
    "||scmp.com/sw.js",
    [
      562873
    ]
  ],
  [
    "||seattletimes.com/wp-content/plugins/st-user-messaging/$script",
    [
      562874
    ]
  ],
  [
    "||sportskeeda.com/js/production/web-notifications/",
    [
      562875
    ]
  ],
  [
    "||techwalla.com/push-service-worker.js",
    [
      562876
    ]
  ],
  [
    "||telegraphindia.com/akam-sw.js",
    [
      562877
    ]
  ],
  [
    "||timesnownews.com/sw.js",
    [
      562878
    ]
  ],
  [
    "||ultimedia.com/js/common/notification.js",
    [
      562879
    ]
  ],
  [
    "||weather.com/*.MedalliaSurvey.",
    [
      562880
    ]
  ],
  [
    "||0564.ua/assets/d6ade384/js/alertsWidget.js",
    [
      562881
    ]
  ],
  [
    "||ad-hoc-news.de/js/push.js",
    [
      562882
    ]
  ],
  [
    "||agazeta.com.br/assets/javascript/notification.js",
    [
      562883
    ]
  ],
  [
    "||cnnindonesia.com/sw.js",
    [
      562884
    ]
  ],
  [
    "||dcnews.ro/sm-",
    [
      562885
    ]
  ],
  [
    "||elpais.com.uy/utms.js",
    [
      562886
    ]
  ],
  [
    "||flashscore.fr^*/build/notifications.",
    [
      562887
    ]
  ],
  [
    "||futura-sciences.com/clientscript/push.js",
    [
      562888
    ]
  ],
  [
    "||horoscope.fr/notifications/",
    [
      562889
    ]
  ],
  [
    "||metrobilbao.eus/firebase-messaging-sw.js",
    [
      562890
    ]
  ],
  [
    "||push.idowa.de^",
    [
      562891
    ]
  ],
  [
    "||push.neko-san.fr^",
    [
      562892
    ]
  ],
  [
    "||pushme.magellanotech.it^",
    [
      562893
    ]
  ],
  [
    "||tio.ch/js/api.push.js",
    [
      562894
    ]
  ],
  [
    "||tutto.tv/wp-content/plugins/plugin-notifiche-",
    [
      562895
    ]
  ],
  [
    "||uchubiz.com/wp-content/themes/uchubiz/assets/js/push.js",
    [
      562896
    ]
  ],
  [
    "||winnipegfreepress.com/firebase-messaging-sw.js",
    [
      562897
    ]
  ],
  [
    "||static.chrono24.com/lib/generated/js/app-hint-layer.",
    [
      562898
    ]
  ],
  [
    "||tapcart.com/mobile-download-banner/banner-min.js",
    [
      562899
    ]
  ],
  [
    "@@||bostonherald.com^*/webpush.js$script,~third-party",
    [
      562900
    ]
  ],
  [
    "@@||braze.com/api/$domain=deezer.com",
    [
      562901
    ]
  ],
  [
    "@@||forums.opera.com/assets/src/modules/notifications.js$~third-party",
    [
      562902
    ]
  ],
  [
    "@@||inevent.com/js/wizard/pushNotification.js$script,~third-party",
    [
      562903
    ]
  ],
  [
    "@@||learner.mycreds.ca/assets/js/modules/notifications.min.js$~third-party",
    [
      562904
    ]
  ],
  [
    "@@||ledevoir.com/js/web-push.js$script,~third-party",
    [
      562905
    ]
  ],
  [
    "@@||oakley.com^*/notifications.js$~third-party",
    [
      562906
    ]
  ],
  [
    "@@||paste.crdroid.net/assets/js/modules/notifications.js$script,~third-party",
    [
      562907
    ]
  ],
  [
    "@@||snrcdn.net/sdk/3.0/synerise-javascript-sdk.min.js$domain=komputronik.pl",
    [
      562908
    ]
  ],
  [
    "@@||st.mycdn.me/static/*/WebPush.js$script,domain=ok.ru",
    [
      562909
    ]
  ],
  [
    "@@||webpush.jp/js/browserpushv3.js$domain=zakzak.co.jp",
    [
      562910
    ]
  ],
  [
    "@@||anadolu.edu.tr/assets/js/jquery.smartbanner.js$~third-party",
    [
      562911
    ]
  ],
  [
    "@@||assure.ameli.fr^*/smart-app-banner.js$~third-party",
    [
      562912
    ]
  ],
  [
    "@@||mafia.ua/js/jquery.smartbanner.js$script,~third-party",
    [
      562913
    ]
  ],
  [
    "@@||mirage.ru/js/jquery.smartbanner.js$script,~third-party",
    [
      562914
    ]
  ]
]