[
  [
    "sleeknotestaticcontent.sleeknote.com",
    [
      1111403
    ]
  ],
  [
    "||js.driftt.com/include$script",
    [
      1111404
    ]
  ],
  [
    "||assets.ubembed.com/universal$script",
    [
      1111405
    ]
  ],
  [
    "||lightboxcdn.com/vendor$script",
    [
      1111406
    ]
  ],
  [
    "||mailocator.net/_/$script",
    [
      1111407
    ]
  ],
  [
    "cdn1.pdmntn.com",
    [
      1111408
    ]
  ],
  [
    "||static.mailerlite.com/js$script",
    [
      1111409
    ]
  ],
  [
    "||pmdstatic.net/bundle.php$script",
    [
      1111410
    ]
  ],
  [
    "||front.optimonk.com/public/$script",
    [
      1111411
    ]
  ],
  [
    "/wp-content/plugins/newsletter-leads",
    [
      1111412
    ]
  ],
  [
    "||downloads.mailchimp.com/js/signup-forms$script",
    [
      1111413
    ]
  ],
  [
    "||conduit.mailchimpapp.com/js/stores$script",
    [
      1111414
    ]
  ],
  [
    "||a.optmnstr.com/app/js/$script",
    [
      1111415
    ]
  ],
  [
    "||getsocial.io/client$script",
    [
      1111416
    ]
  ],
  [
    "||static.ctctcdn.com/js/signup-form-widget$script,domain=~centerforhealthsecurity.org",
    [
      1111417
    ]
  ],
  [
    "||cdn.justuno.com/mwgt$script",
    [
      1111418
    ]
  ],
  [
    "||a.mailmunch.co/app/$script",
    [
      1111419
    ]
  ],
  [
    "/newsletterPopup.js",
    [
      1111420
    ]
  ],
  [
    "/pmgnews/overlay/newsletter",
    [
      1111421
    ]
  ],
  [
    "||dotmailer-surveys.com/scripts/survey.js$script",
    [
      1111422
    ]
  ],
  [
    "||yieldify.com/yieldify/code.js$script",
    [
      1111423
    ]
  ],
  [
    "||widget.privy.com/assets/widget.js$script",
    [
      1111424
    ]
  ],
  [
    "sumo.b-cdn.net",
    [
      1111425
    ]
  ],
  [
    "||connect.nosto.com/include$script",
    [
      1111426
    ]
  ],
  [
    "||chimpstatic.com/mcjs-connected/js/users$script",
    [
      1111427
    ]
  ],
  [
    "||assets.pcrl.co/js/$script",
    [
      1111428
    ]
  ],
  [
    "/wp-content/plugins/email-subscribers/widget/es-widget-page.js",
    [
      1111429
    ]
  ],
  [
    "||youlead.pl/Scripts/Dynamic.js$script",
    [
      1111430
    ]
  ],
  [
    "||m8.mailplus.nl/genericservice$script",
    [
      1111431
    ]
  ],
  [
    "||restapi.mailplus.nl/integrationservice$script",
    [
      1111432
    ]
  ],
  [
    "||snrcdn.net/sdk/$script",
    [
      1111433
    ]
  ],
  [
    "||cdn.dynamicyield.com/api$script,domain=~haix.de|~bancofalabella.cl",
    [
      1111434
    ]
  ],
  [
    "||static.newsletter2go.com/utils.js$script",
    [
      1111435
    ]
  ],
  [
    "/widget/ecNewsletterPopup/*",
    [
      1111436
    ]
  ],
  [
    "||a.optmstr.com/app/js/$script",
    [
      1111437
    ]
  ],
  [
    "||api.autopilothq.com/anywhere/$script",
    [
      1111438
    ]
  ],
  [
    "||c.salecycle.com/osr/config$script",
    [
      1111439
    ]
  ],
  [
    "/wp-content/plugins/thrive-leads/*$domain=~itnator.net",
    [
      1111440
    ]
  ],
  [
    "/wp-content/plugins/bloom/*",
    [
      1111441
    ]
  ],
  [
    "||js.hsleadflows.net/leadflows.js$script",
    [
      1111442
    ]
  ],
  [
    "/clientlib-newsletter.js",
    [
      1111443
    ]
  ],
  [
    "||c.lytics.io/static/pathfora$script",
    [
      1111444
    ]
  ],
  [
    "email-signup-form-popup.js",
    [
      1111445
    ]
  ],
  [
    "||netpeak.cloud/source/js$script",
    [
      1111446
    ]
  ],
  [
    "||bunting.com/call$script",
    [
      1111447
    ]
  ],
  [
    "||cdn.connectif.cloud/cl1/client-script/$script",
    [
      1111448
    ]
  ],
  [
    "/essb-optin-booster.js",
    [
      1111449
    ]
  ],
  [
    "f.convertkit.com",
    [
      1111450
    ]
  ],
  [
    "api.morningcatch.net",
    [
      1111451
    ]
  ],
  [
    "||shopify.privy.com/widget.js$script",
    [
      1111452
    ]
  ],
  [
    "load.sumo.com",
    [
      1111453
    ]
  ],
  [
    "||cdn.listrakbi.com/scripts/script.js$script",
    [
      1111454
    ]
  ],
  [
    "/wp-content/plugins/dreamgrow-scroll-triggered-box/*",
    [
      1111455
    ]
  ],
  [
    "||d3bo67muzbfgtl.cloudfront.net/edrone$script",
    [
      1111456
    ]
  ],
  [
    "/newsletter_modals.min.",
    [
      1111457
    ]
  ],
  [
    "my.hellobar.com",
    [
      1111458
    ]
  ],
  [
    "||screenpopper.com/s-hub$script",
    [
      1111459
    ]
  ],
  [
    "||static.scarabresearch.com/wpjs$script",
    [
      1111460
    ]
  ],
  [
    "||cdn.swellrewards.com/loader$script",
    [
      1111461
    ]
  ],
  [
    "||lifterpopup.com/js/modal.js$script",
    [
      1111462
    ]
  ],
  [
    "||lpages.co/leadbox$script",
    [
      1111463
    ]
  ],
  [
    "||cdn.crall.io/t/client.js$script",
    [
      1111464
    ]
  ],
  [
    "||a.opmnstr.com/app/js/$script",
    [
      1111465
    ]
  ],
  [
    "||app2.salesmanago.pl/dynamic$script",
    [
      1111466
    ]
  ],
  [
    "||se.monetate.net/js/$script",
    [
      1111467
    ]
  ],
  [
    "||cdn.blueconic.net/hearst.js$script",
    [
      1111468
    ]
  ],
  [
    "/js/website/modal-newsletter~rc-module-newsletter",
    [
      1111469
    ]
  ],
  [
    "||cdn.omniconvert.com/js$script",
    [
      1111470
    ]
  ],
  [
    "||cdn.omniconvert.com/async/js$script",
    [
      1111471
    ]
  ],
  [
    "/frosmo.easy.js",
    [
      1111472
    ]
  ],
  [
    "||static-sb.com/js/sb-tracker.js$script",
    [
      1111473
    ]
  ],
  [
    "||mailmojo.no/sdk.js$script",
    [
      1111474
    ]
  ],
  [
    "/wp-content/popupally-pro-scripts",
    [
      1111475
    ]
  ],
  [
    "||media-inea.ipresso.pl/monitoridentification$script",
    [
      1111476
    ]
  ],
  [
    "/wp-content/plugins/mailoptin/*",
    [
      1111477
    ]
  ],
  [
    "||a.optnmnstr.com/app/js/$script",
    [
      1111478
    ]
  ],
  [
    "||static.popmechanic.ru/service/loader.js$script",
    [
      1111479
    ]
  ],
  [
    "static.zotabox.com",
    [
      1111480
    ]
  ],
  [
    "||marketbeat.com/scripts/modal/affiliatepopup.js$script",
    [
      1111481
    ]
  ],
  [
    "||widget.pico.tools/static/js/bundle.js$script",
    [
      1111482
    ]
  ],
  [
    "||powr.io/powr.js$script",
    [
      1111483
    ]
  ],
  [
    "/wp-content/plugins/layered-popups/*",
    [
      1111484
    ]
  ],
  [
    "/wp-content/plugins/mailchimp-for-wp/*",
    [
      1111485
    ]
  ],
  [
    "||bounceexchange.com/tag$script",
    [
      1111486
    ]
  ],
  [
    "tag.bounceexchange.com",
    [
      1111487
    ]
  ],
  [
    "||leadpages.net/leadboxes/current$script",
    [
      1111488
    ]
  ],
  [
    "||flodesk.com/universal$script",
    [
      1111489
    ]
  ],
  [
    "||activehosted.com/f/embed.php$script,domain=~renegade.global",
    [
      1111490
    ]
  ],
  [
    "/wp-content/plugins/99robots-optin-fire/*",
    [
      1111491
    ]
  ],
  [
    "||getresponse.com/view_webform$script",
    [
      1111492
    ]
  ],
  [
    "/gr-popups$script",
    [
      1111493
    ]
  ],
  [
    "||get.exitintel.com/load.js$script",
    [
      1111494
    ]
  ],
  [
    "/popup-by-supsystic/*",
    [
      1111495
    ]
  ],
  [
    "||cdn.jst.ai/mwgt$script",
    [
      1111496
    ]
  ],
  [
    "||milotree.com/container$script",
    [
      1111497
    ]
  ],
  [
    "/zaius-min.js",
    [
      1111498
    ]
  ],
  [
    "/wp-content/plugins/convertplug/*$~image",
    [
      1111499
    ]
  ],
  [
    "/wp-content/plugins/optin-monster/*",
    [
      1111500
    ]
  ],
  [
    ".wisepops.com/get-loader.js",
    [
      1111501
    ]
  ],
  [
    "api.exponea.com",
    [
      1111502
    ]
  ],
  [
    "/ouibounce.min.js",
    [
      1111503
    ]
  ],
  [
    "||bluecore.com/triggermail$script",
    [
      1111504
    ]
  ],
  [
    "||cloudiq.com/tag$script",
    [
      1111505
    ]
  ],
  [
    "||leadpages.net/leadbars/current/embed.js$script",
    [
      1111506
    ]
  ],
  [
    "||s.sloyalty.com/site_media$script",
    [
      1111507
    ]
  ],
  [
    "||klaviyo.com/onsite/js/vendors~signupForms$script",
    [
      1111508
    ]
  ],
  [
    "/vidstore-popups/assets/public/js/newsletter.min.js",
    [
      1111509
    ]
  ],
  [
    "||app-abd.marketo.com/js$script",
    [
      1111510
    ]
  ],
  [
    "||omappapi.com/app$script",
    [
      1111511
    ]
  ],
  [
    "tag.getdrip.com",
    [
      1111512
    ]
  ],
  [
    "||zoho.com/js/optin$script",
    [
      1111513
    ]
  ],
  [
    "/entries?content_type=staticContentBlock&fields.id=email-capture",
    [
      1111514
    ]
  ],
  [
    "||cloud-iq.com/cartrecovery/store.js$script",
    [
      1111515
    ]
  ],
  [
    "/axnewsletter.js",
    [
      1111516
    ]
  ],
  [
    "/wp-content/plugins/popupally",
    [
      1111517
    ]
  ],
  [
    "api.omappapi.com",
    [
      1111518
    ]
  ],
  [
    "/email-capture/email-capture-",
    [
      1111519
    ]
  ],
  [
    "||californiatimes.com/newsletter-campaign-manager$script",
    [
      1111520
    ]
  ],
  [
    "||quitsnap-blue.com/js/os_engine.js$script",
    [
      1111521
    ]
  ],
  [
    "/wp-content/plugins/convertpro/*",
    [
      1111522
    ]
  ],
  [
    "/wp-content/plugins/optin-revolution/*",
    [
      1111523
    ]
  ],
  [
    "||addthis.com/js/300/addthis_widget.js$script",
    [
      1111524
    ]
  ],
  [
    "api-cis.exponea.com",
    [
      1111525
    ]
  ],
  [
    "||api.traq.li/public/sdk$script",
    [
      1111526
    ]
  ],
  [
    "tracking.retargeting.biz",
    [
      1111527
    ]
  ],
  [
    "ping.contactpigeon.com",
    [
      1111528
    ]
  ],
  [
    "/newsletter-invite.js",
    [
      1111529
    ]
  ],
  [
    "/Action-Subscribe-2019.js",
    [
      1111530
    ]
  ],
  [
    "||convertbox.com/convertbox$script",
    [
      1111531
    ]
  ],
  [
    "||birdsend.co/assets/static/js/pixel/main.js$script",
    [
      1111532
    ]
  ],
  [
    "||hd.koloo.net/oo.js$script",
    [
      1111533
    ]
  ],
  [
    "||receiptful.com/scripts/shopify.js$script",
    [
      1111534
    ]
  ],
  [
    "t2.netsalesmedia.pl",
    [
      1111535
    ]
  ],
  [
    "content.govdelivery.com",
    [
      1111536
    ]
  ],
  [
    "api.pushnami.com",
    [
      1111537
    ]
  ],
  [
    "/js/deploy/syndicated-newsletter",
    [
      1111538
    ]
  ],
  [
    "||klaviyo.com/onsite/js/signup_forms$script,domain=~ufpro.com|~worldwidestereo.com|~salada.com",
    [
      1111539
    ]
  ],
  [
    "popup.popupsmart.com",
    [
      1111540
    ]
  ],
  [
    "/mol-fe-newsletter-popup/*",
    [
      1111541
    ]
  ],
  [
    "cdn.popt.in",
    [
      1111542
    ]
  ],
  [
    "||data.whizeo.com/widgets$script",
    [
      1111543
    ]
  ],
  [
    "||securedvisit.com/js/sv.js$script",
    [
      1111544
    ]
  ],
  [
    "||dev.visualwebsiteoptimizer.com/j.php$script",
    [
      1111545
    ]
  ],
  [
    "||convertkitqa.com/ckjs$script",
    [
      1111546
    ]
  ],
  [
    "||bounceexchange.com/assets/smart-tag$script",
    [
      1111547
    ]
  ],
  [
    "||adoric-om.com/adoric.js$script",
    [
      1111548
    ]
  ],
  [
    "/wp-content/plugins/woo-coupon-box/*",
    [
      1111549
    ]
  ],
  [
    "forms.convertkit.com",
    [
      1111550
    ]
  ],
  [
    "||convertkit.com/assets^$third-party",
    [
      1111551
    ]
  ],
  [
    "||sdks.automizely.com/conversions$script",
    [
      1111552
    ]
  ],
  [
    "cdn.attn.tv",
    [
      1111553
    ]
  ],
  [
    "||cdn.threadloom.com/ga$script",
    [
      1111554
    ]
  ],
  [
    "/js/website/modal-newsletter",
    [
      1111555
    ]
  ],
  [
    "/exponea.min.js",
    [
      1111556
    ]
  ],
  [
    "||newell.evergage.com/beacon$script",
    [
      1111557
    ]
  ],
  [
    "/evergage.min.js",
    [
      1111558
    ]
  ],
  [
    "/klaviyo_subscribe.js",
    [
      1111559
    ]
  ],
  [
    "||mailcampaigns.nl/interface/popup$script",
    [
      1111560
    ]
  ],
  [
    "/next-gen/dist/NewsletterPopup",
    [
      1111561
    ]
  ],
  [
    "forms.smsbump.com",
    [
      1111562
    ]
  ],
  [
    "/mod_motivatingcoupon/facebox/*",
    [
      1111563
    ]
  ],
  [
    "||static.redeal.se/widget/js/redeal.js$script",
    [
      1111564
    ]
  ],
  [
    "||cdn.optinly.net$third-party",
    [
      1111565
    ]
  ],
  [
    "/rg_smartpopup/*",
    [
      1111566
    ]
  ],
  [
    "/alert/email_subscribe/*",
    [
      1111567
    ]
  ],
  [
    "/arengu-newsletter.js",
    [
      1111568
    ]
  ],
  [
    "/popup-newsletter-$script",
    [
      1111569
    ]
  ],
  [
    "||assets.mailerlite.com^$script",
    [
      1111570
    ]
  ],
  [
    "/ps_emailsubscription.js",
    [
      1111571
    ]
  ],
  [
    "||embedded.wishpondpages.com$third-party,subdocument",
    [
      1111572
    ]
  ],
  [
    "/hs-web-interactive-$third-party,subdocument",
    [
      1111573
    ]
  ],
  [
    "/ht_newsletterpopup",
    [
      1111574
    ]
  ],
  [
    "/avada-popup.min.js",
    [
      1111575
    ]
  ],
  [
    "||connectif.cloud^$third-party",
    [
      1111576
    ]
  ],
  [
    "||tr.vitals.co^$third-party",
    [
      1111577
    ]
  ],
  [
    "||optimove.net^$third-party",
    [
      1111578
    ]
  ],
  [
    "||sail-horizon.com^$third-party",
    [
      1111579
    ]
  ],
  [
    "/assets/section-mailing-popup.",
    [
      1111580
    ]
  ],
  [
    "/kadence-conversions.",
    [
      1111581
    ]
  ],
  [
    "||postscript.io^$third-party",
    [
      1111582
    ]
  ],
  [
    "||getsitecontrol.com^$third-party",
    [
      1111583
    ]
  ],
  [
    "NotificationDisclaimerControl.js$domain=vontobel.com",
    [
      1111584
    ]
  ],
  [
    "list-builder.js$domain=wanderlust.co.uk",
    [
      1111585
    ]
  ],
  [
    "/amd_modules/newsletter-hover$domain=webmd.com",
    [
      1111586
    ]
  ],
  [
    "/politica-privacidade/lightbox$domain=toysrus.pt",
    [
      1111587
    ]
  ],
  [
    "/opentag-$domain=jet2.com",
    [
      1111588
    ]
  ],
  [
    "global-lightbox.js$domain=drschollsshoes.com",
    [
      1111589
    ]
  ],
  [
    "/wpp-popup-frontend.js$domain=globalvoices.org",
    [
      1111590
    ]
  ],
  [
    "/email.js$domain=tp-link.com",
    [
      1111591
    ]
  ],
  [
    "||ibt-mail.com/view_webform$script,domain=ibtimes.com",
    [
      1111592
    ]
  ],
  [
    "/lightboxform.js$domain=tips.net",
    [
      1111593
    ]
  ],
  [
    "/esm.js$domain=yamahamotorsports.com",
    [
      1111594
    ]
  ],
  [
    "/aiosp-jsonp.js$domain=kleren.com",
    [
      1111595
    ]
  ],
  [
    "/vol-modal/*$domain=thepaintstore.com",
    [
      1111596
    ]
  ],
  [
    "||imimg.com/js/reqForms.min.js$script,domain=indiamart.com",
    [
      1111597
    ]
  ],
  [
    "try.abtasty.com$domain=leparisien.fr",
    [
      1111598
    ]
  ],
  [
    "/Action-Subscribe$domain=naturalnews.com",
    [
      1111599
    ]
  ],
  [
    "/sharing/popover.js$domain=mymemory.co.uk",
    [
      1111600
    ]
  ],
  [
    "/popup/tsr$domain=superyachtnews.com",
    [
      1111601
    ]
  ],
  [
    "/simpleSignupManager.chunk.js$domain=manning.com",
    [
      1111602
    ]
  ],
  [
    "cdn-promote.weebly.com$domain=weebly.com",
    [
      1111603
    ]
  ],
  [
    "/acquisition-tag.js$domain=latribune.fr",
    [
      1111604
    ]
  ],
  [
    "/pharmapopin/*$domain=pharmasimple.com",
    [
      1111605
    ]
  ],
  [
    "/crm.js$domain=fujifilm-x.com",
    [
      1111606
    ]
  ],
  [
    "/sven_daspopup/*$domain=adler-farbenmeister.com",
    [
      1111607
    ]
  ],
  [
    "/PopupNewsletter/GetLayer$domain=yoox.com",
    [
      1111608
    ]
  ],
  [
    "/emailcollection/*$domain=motorsport.com",
    [
      1111609
    ]
  ],
  [
    "/popoverv2.js*$domain=britishcornershop.co.uk",
    [
      1111610
    ]
  ],
  [
    "/fp-web-flyout-widget.min.js^$domain=getfirepush.com",
    [
      1111611
    ]
  ],
  [
    "/tingle.$domain=arcade1up.com",
    [
      1111612
    ]
  ],
  [
    "||tinypass.com/api/tinypass.min.js^$domain=technologyreview.com",
    [
      1111613
    ]
  ],
  [
    "/SysConsentComponent.js$domain=netpeak.net",
    [
      1111614
    ]
  ],
  [
    "||cdn.p-n.io/pushly$script",
    [
      1111615
    ]
  ],
  [
    "||app3.emlgrid.com/static/sm.js$script",
    [
      1111616
    ]
  ],
  [
    "webpush-desktop.chunk.js",
    [
      1111617
    ]
  ],
  [
    "||push4site.com/Static/Script/$script",
    [
      1111618
    ]
  ],
  [
    "cdn.ghostmonitor.com",
    [
      1111619
    ]
  ],
  [
    "notify.hindustantimes.com",
    [
      1111620
    ]
  ],
  [
    "webpush.interia.pl",
    [
      1111621
    ]
  ],
  [
    ".izooto.com/scripts",
    [
      1111622
    ]
  ],
  [
    "js.pusher.com$domain=~itv.com|~lickd.co|~foliohd.com",
    [
      1111623
    ]
  ],
  [
    "||push-ad.com/integration.php$script",
    [
      1111624
    ]
  ],
  [
    "||cdn.pushassist.com/account/assets/$script",
    [
      1111625
    ]
  ],
  [
    "||gadgets.ndtv.com/static/desktop/js/notification_popup-min.js$script",
    [
      1111626
    ]
  ],
  [
    "pusherism.com",
    [
      1111627
    ]
  ],
  [
    "pushnest.com",
    [
      1111628
    ]
  ],
  [
    "||getpushmonkey.com/sdk/config$script",
    [
      1111629
    ]
  ],
  [
    "||cdn.onesignal.com/sdks$script",
    [
      1111630
    ]
  ],
  [
    "||pushpushgo.com/js$script",
    [
      1111631
    ]
  ],
  [
    "cdn.sendpulse.com$domain=~movie4k.eu",
    [
      1111632
    ]
  ],
  [
    "||salesmanago.pl/static/sm.js$script",
    [
      1111633
    ]
  ],
  [
    "cdn.pushcrew.com",
    [
      1111634
    ]
  ],
  [
    "/streamlined-push-plugin.production.min.js",
    [
      1111635
    ]
  ],
  [
    "app.push-ad.com",
    [
      1111636
    ]
  ],
  [
    "/pushnotification/service-worker-script.js",
    [
      1111637
    ]
  ],
  [
    "/sp-push-worker.js",
    [
      1111638
    ]
  ],
  [
    "95p5qep4aq.com",
    [
      1111639
    ]
  ],
  [
    "||snrcdn.net/sdk/$script",
    [
      1111640
    ]
  ],
  [
    "via.batch.com",
    [
      1111641
    ]
  ],
  [
    "||wonderpush.com/sdk/$script",
    [
      1111642
    ]
  ],
  [
    "clientcdn.pushengage.com",
    [
      1111643
    ]
  ],
  [
    "||web-sdk.urbanairship.com/notify/$script",
    [
      1111644
    ]
  ],
  [
    "api.sociaplus.com",
    [
      1111645
    ]
  ],
  [
    "/plugins/tmx-push/*",
    [
      1111646
    ]
  ],
  [
    "/firebase-messaging.js$domain=~dn.pt|~jn.pt",
    [
      1111647
    ]
  ],
  [
    "pushno.com",
    [
      1111648
    ]
  ],
  [
    "pushwhy.com",
    [
      1111649
    ]
  ],
  [
    "pushame.com",
    [
      1111650
    ]
  ],
  [
    "||voirfilms.ws/sw.js$script",
    [
      1111651
    ]
  ],
  [
    "||siteswithcontent.com/js/push$script",
    [
      1111652
    ]
  ],
  [
    "||cdn.moengage.com/webpush$script",
    [
      1111653
    ]
  ],
  [
    "||brandflow.net/static/general/push-init-code.js$script",
    [
      1111654
    ]
  ],
  [
    "||cleverpush.com/channel/loader$script",
    [
      1111655
    ]
  ],
  [
    "||static.getback.ch/clients$script",
    [
      1111656
    ]
  ],
  [
    "/PushNotifications.",
    [
      1111657
    ]
  ],
  [
    "cdn.pushowl.com",
    [
      1111658
    ]
  ],
  [
    "||accengage.net/pushweb/$script",
    [
      1111659
    ]
  ],
  [
    "||cdn.foxpush.net/sdk/foxpush_SDK$script",
    [
      1111660
    ]
  ],
  [
    "||js.appboycdn.com/web-sdk/$script",
    [
      1111661
    ]
  ],
  [
    "||cdn.taboola.com/libtrc/tmg-network/loader.js$script",
    [
      1111662
    ]
  ],
  [
    "/js/push_subscription.js",
    [
      1111663
    ]
  ],
  [
    "||pushwoosh.com/webpush$script",
    [
      1111664
    ]
  ],
  [
    "push_service-worker.js",
    [
      1111665
    ]
  ],
  [
    "0_ghpush_client.js",
    [
      1111666
    ]
  ],
  [
    "||pastoupt.com/ntfc.php$script",
    [
      1111667
    ]
  ],
  [
    "||pushsar.com/ntfc.php$script",
    [
      1111668
    ]
  ],
  [
    "sdk.jeeng.com",
    [
      1111669
    ]
  ],
  [
    "||d3bo67muzbfgtl.cloudfront.net/edrone$script",
    [
      1111670
    ]
  ],
  [
    "||admessage.support/system_domain.js$script",
    [
      1111671
    ]
  ],
  [
    "/push/js/sdk/insider-push-native-sdk.js",
    [
      1111672
    ]
  ],
  [
    "pharance.com",
    [
      1111673
    ]
  ],
  [
    "||pushance.com/ntfc.php$script",
    [
      1111674
    ]
  ],
  [
    "||tattepush.com/push.js$script",
    [
      1111675
    ]
  ],
  [
    ".contentsitesrv.com/js/push",
    [
      1111676
    ]
  ],
  [
    "||jattepush.com/push.js$script",
    [
      1111677
    ]
  ],
  [
    "||pushanert.com/ntfc.php$script",
    [
      1111678
    ]
  ],
  [
    "/web-push/init.min.js$domain=~finanzen.ch|~finanzen.net|~finanzen.at",
    [
      1111679
    ]
  ],
  [
    "||aimtell.com/trackpush/trackpush.min.js$script",
    [
      1111680
    ]
  ],
  [
    "||hmcfront.akamaized.net/hd/extra/assets/www/notification.$script",
    [
      1111681
    ]
  ],
  [
    "/webpush.js",
    [
      1111682
    ]
  ],
  [
    "||youlead.pl/ylwebpush.js$script",
    [
      1111683
    ]
  ],
  [
    "push.delivery.ethinking.de",
    [
      1111684
    ]
  ],
  [
    "/web-push.js",
    [
      1111685
    ]
  ],
  [
    "||freeclick.me/?pu=$script",
    [
      1111686
    ]
  ],
  [
    "||cdn.pushalert.co/integrate$script",
    [
      1111687
    ]
  ],
  [
    "||cdn.gravitec.net/storage$script",
    [
      1111688
    ]
  ],
  [
    ".izooto.com/optin",
    [
      1111689
    ]
  ],
  [
    "cdn.qgraph.io",
    [
      1111690
    ]
  ],
  [
    "sw.wpush.org",
    [
      1111691
    ]
  ],
  [
    "||cdn.pn.vg/c/ig/pushnews.min.js$script",
    [
      1111692
    ]
  ],
  [
    "||subscribers.com/assets/subscribers.js$script",
    [
      1111693
    ]
  ],
  [
    "/webpush-loader.js",
    [
      1111694
    ]
  ],
  [
    "app.wigzo.com",
    [
      1111695
    ]
  ],
  [
    "app.getbeamer.com",
    [
      1111696
    ]
  ],
  [
    "api.signalize.com",
    [
      1111697
    ]
  ],
  [
    "cdn.letreach.com",
    [
      1111698
    ]
  ],
  [
    "gg.faromen.online",
    [
      1111699
    ]
  ],
  [
    "/js/webpushr.app",
    [
      1111700
    ]
  ],
  [
    "||pushwoosh.com/json$script",
    [
      1111701
    ]
  ],
  [
    "||pushpushgo.com/scripts$script",
    [
      1111702
    ]
  ],
  [
    "||hrbpark.bid/pushJs$script",
    [
      1111703
    ]
  ],
  [
    "||webpushs.com/js/push$script",
    [
      1111704
    ]
  ],
  [
    "wwopenclick.space",
    [
      1111705
    ]
  ],
  [
    "iss.shopimind.com",
    [
      1111706
    ]
  ],
  [
    "||cdn.pn.vg/push$script",
    [
      1111707
    ]
  ],
  [
    "/webpush-production.js",
    [
      1111708
    ]
  ],
  [
    "cdn.notifyvisitors.com",
    [
      1111709
    ]
  ],
  [
    "||cdn.webpushr.com/app$script",
    [
      1111710
    ]
  ],
  [
    "t2.netsalesmedia.pl",
    [
      1111711
    ]
  ],
  [
    "api.pushnami.com",
    [
      1111712
    ]
  ],
  [
    "/OneSignalSDK",
    [
      1111713
    ]
  ],
  [
    "||aswpsdkus.com/notify$script",
    [
      1111714
    ]
  ],
  [
    "/web-push-notification.js",
    [
      1111715
    ]
  ],
  [
    "/nano-webpush-ui",
    [
      1111716
    ]
  ],
  [
    "cdn.pushmaster-cdn.xyz",
    [
      1111717
    ]
  ],
  [
    "cdn.netmera-web.com",
    [
      1111718
    ]
  ],
  [
    "/smio-push-notification/*",
    [
      1111719
    ]
  ],
  [
    "/BildirtSDKfiles.js",
    [
      1111720
    ]
  ],
  [
    "cdn.onepush.app",
    [
      1111721
    ]
  ],
  [
    "||truepush.com/sdk$script",
    [
      1111722
    ]
  ],
  [
    "||assets.emarsys.net/web-emarsys-sdk/*$script",
    [
      1111723
    ]
  ],
  [
    "||notifpush.com/scripts$script",
    [
      1111724
    ]
  ],
  [
    "||js.smct.io/*/notifications*$script",
    [
      1111725
    ]
  ],
  [
    "push/push*$script",
    [
      1111726
    ]
  ],
  [
    "||pushwoosh.com^",
    [
      1111727
    ]
  ],
  [
    "/pushnotifications^",
    [
      1111728
    ]
  ],
  [
    "||sendsay.ru/backend/push/*",
    [
      1111729
    ]
  ],
  [
    "/social_push_notifications/*",
    [
      1111730
    ]
  ],
  [
    "||pushpanda.io^$third-party",
    [
      1111731
    ]
  ],
  [
    "||potisni.me/js/enable-push.js$third-party",
    [
      1111732
    ]
  ],
  [
    "/_pushAllow.js",
    [
      1111733
    ]
  ],
  [
    "/clevertap.min.js",
    [
      1111734
    ]
  ],
  [
    "plugins/tfnotifier-wp/*",
    [
      1111735
    ]
  ],
  [
    "messaging/webpush*",
    [
      1111736
    ]
  ],
  [
    "/service-webpush-firebase.js",
    [
      1111737
    ]
  ],
  [
    "/js/push.js",
    [
      1111738
    ]
  ],
  [
    "/notification.*.js$domain=~qudosbank.com.au|~myhealth.va.gov",
    [
      1111739
    ]
  ],
  [
    "||notix.io^$third-party",
    [
      1111740
    ]
  ],
  [
    "||pushouse.com^$third-party",
    [
      1111741
    ]
  ],
  [
    "||yottlyscript.com/push/*",
    [
      1111742
    ]
  ],
  [
    "/wzrk_dialog.min.js",
    [
      1111743
    ]
  ],
  [
    "||gr-cdn-e.eu/*/push-notification^$script",
    [
      1111744
    ]
  ],
  [
    "||dengage.com^$third-party",
    [
      1111745
    ]
  ],
  [
    "/sw.js$domain=pinterest.com",
    [
      1111746
    ]
  ],
  [
    "/public/spartanien/js/sw_handler$domain=spartanien.de",
    [
      1111747
    ]
  ],
  [
    "/pushes/notification.js$domain=rt.com",
    [
      1111748
    ]
  ],
  [
    "/js/subscriber$domain=mitula.pt",
    [
      1111749
    ]
  ],
  [
    "/firebase.js$domain=alibaba.com",
    [
      1111750
    ]
  ],
  [
    "/sw.js$domain=1337x.is",
    [
      1111751
    ]
  ],
  [
    "/sw.js$domain=1337x.to",
    [
      1111752
    ]
  ],
  [
    "push-main.js$domain=ndtv.com",
    [
      1111753
    ]
  ],
  [
    "/js/adNotice.js$domain=hardwarezone.com.sg",
    [
      1111754
    ]
  ],
  [
    "/push/*$domain=tut.by",
    [
      1111755
    ]
  ],
  [
    "/firebase.min.js$domain=azoresgetaways.com",
    [
      1111756
    ]
  ],
  [
    "/firebase.js$domain=tribunavalladolid.com",
    [
      1111757
    ]
  ],
  [
    "client-.js$domain=hoerbuch.us",
    [
      1111758
    ]
  ],
  [
    "/js/a.js$domain=allevents.in",
    [
      1111759
    ]
  ],
  [
    "notifi.min.js$domain=antyradio.pl",
    [
      1111760
    ]
  ],
  [
    "/app.js$domain=lightinthebox.com",
    [
      1111761
    ]
  ],
  [
    "/min/js/sw/*$domain=sputniknews.com",
    [
      1111762
    ]
  ],
  [
    "/clientt.js$domain=cript.to",
    [
      1111763
    ]
  ],
  [
    "wsNotification.js$domain=wondershare.com",
    [
      1111764
    ]
  ],
  [
    "||tags.tiqcdn.com/utag$script,domain=national-lottery.co.uk",
    [
      1111765
    ]
  ],
  [
    "/notification-topics.js^$domain=winnipegfreepress.com",
    [
      1111766
    ]
  ],
  [
    "nebula-cdn.kampyle.com",
    [
      1111767
    ]
  ],
  [
    "||turbo.qualaroo.com/c.js$script",
    [
      1111768
    ]
  ],
  [
    "||scripts.psyma.com/layer_question$script",
    [
      1111769
    ]
  ],
  [
    "w.usabilla.com",
    [
      1111770
    ]
  ],
  [
    "||static.hotjar.com/c/hotjar$script",
    [
      1111771
    ]
  ],
  [
    "||scripts.psyma.com/html/layer/json_question.php$script",
    [
      1111772
    ]
  ],
  [
    "||visualwebsiteoptimizer.com/va_survey$script",
    [
      1111773
    ]
  ],
  [
    "gateway.answerscloud.com",
    [
      1111774
    ]
  ],
  [
    "st.getsitecontrol.com",
    [
      1111775
    ]
  ],
  [
    "||survey.g.doubleclick.net/survey$script",
    [
      1111776
    ]
  ],
  [
    "/opiniac.js",
    [
      1111777
    ]
  ],
  [
    "||ssl.ceneo.pl/shops/$script",
    [
      1111778
    ]
  ],
  [
    "||cloud.netquest.sk/scripts/widget$script",
    [
      1111779
    ]
  ],
  [
    "||storage.googleapis.com/outfox/ocs/surveys/$script",
    [
      1111780
    ]
  ],
  [
    "||kameleoon.eu/kameleoon.js$script",
    [
      1111781
    ]
  ],
  [
    "||invitation.opinionbar.com/wit/popups$script",
    [
      1111782
    ]
  ],
  [
    "||neads.delivery/opinion-seed-embed.js$script",
    [
      1111783
    ]
  ],
  [
    "||collect.mopinion.com/assets/surveys/$script",
    [
      1111784
    ]
  ],
  [
    "/runtimejs/dist/survey/js/survey.js$domain=~alchemer.eu",
    [
      1111785
    ]
  ],
  [
    "||surveygizmobeacon.s3.amazonaws.com/beaconconfigs/$script",
    [
      1111786
    ]
  ],
  [
    "||cpx.smind.hr/Log/LogData$script",
    [
      1111787
    ]
  ],
  [
    "||widget.surveymonkey.com/collect$script,domain=~onboarding.italki.com",
    [
      1111788
    ]
  ],
  [
    "||cdn.feedbackify.com/f.js$script",
    [
      1111789
    ]
  ],
  [
    "||invitation.opinionbar.com/popups$script",
    [
      1111790
    ]
  ],
  [
    "/bundles/Scripts/OpinionLab.js",
    [
      1111791
    ]
  ],
  [
    "||survey.nuggad.net/c/layer-html$script",
    [
      1111792
    ]
  ],
  [
    "||ips-invite.iperceptions.com/invitations$script",
    [
      1111793
    ]
  ],
  [
    "/oo_engine.min.js",
    [
      1111794
    ]
  ],
  [
    "||userzoom.com/feedback$script",
    [
      1111795
    ]
  ],
  [
    "||invite.leanlab.co/invite/invite.js$script",
    [
      1111796
    ]
  ],
  [
    "||userreport.com/newsquest/launcher.js$script",
    [
      1111797
    ]
  ],
  [
    "siteintercept.qualtrics.com",
    [
      1111798
    ]
  ],
  [
    "||sandsiv.com/digi_runner.js?surveyId$script",
    [
      1111799
    ]
  ],
  [
    "||digitalfeedback.euro.confirmit.com/api$script",
    [
      1111800
    ]
  ],
  [
    "||taskanalytics.com/tm.js$script",
    [
      1111801
    ]
  ],
  [
    "popup.designtutkimus.fi",
    [
      1111802
    ]
  ],
  [
    "||guitaretab.com/static/js/hats$script",
    [
      1111803
    ]
  ],
  [
    "/v1/survey_invite.min.js",
    [
      1111804
    ]
  ],
  [
    "||app.alpheid.com/js/marketing_automation$script",
    [
      1111805
    ]
  ],
  [
    "||siteimproveanalytics.com/js/siteanalyze$script",
    [
      1111806
    ]
  ],
  [
    "||cdn.judge.me/shopify_v2.js$script",
    [
      1111807
    ]
  ],
  [
    "||static.yourcx.io/customers$script",
    [
      1111808
    ]
  ],
  [
    "||webankieta.pl/scripts/widget$script",
    [
      1111809
    ]
  ],
  [
    "popin.survey-xact.dk",
    [
      1111810
    ]
  ],
  [
    "||myaudience.de/sv/rifflejs.php$script",
    [
      1111811
    ]
  ],
  [
    "||survey.survicate.com/workspaces$script",
    [
      1111812
    ]
  ],
  [
    "||tryinteract.com/promotions/init.js$script",
    [
      1111813
    ]
  ],
  [
    "||scripts.psyma.com/scripts$script",
    [
      1111814
    ]
  ],
  [
    "||surveygizmo.eu/runtimejs/intercept$script",
    [
      1111815
    ]
  ],
  [
    "widgets.opinary.com",
    [
      1111816
    ]
  ],
  [
    "||uxfeedback.ru/widget.js$script",
    [
      1111817
    ]
  ],
  [
    "||e-satisfaction.com/dist/js/integration$script",
    [
      1111818
    ]
  ],
  [
    "||gateway.foresee.com$third-party",
    [
      1111819
    ]
  ],
  [
    "/vendor/opinionlab/*$domain=lenovo.com",
    [
      1111820
    ]
  ],
  [
    "survey.js$domain=medier24.no",
    [
      1111821
    ]
  ],
  [
    "/components-nps-survey$domain=spanishdict.com",
    [
      1111822
    ]
  ],
  [
    "ExitIntentModal.js$domain=stepstone.de",
    [
      1111823
    ]
  ],
  [
    "/surveys/*$domain=europa.eu",
    [
      1111824
    ]
  ],
  [
    "||visitor.reactful.com/dist/main$script",
    [
      1111825
    ]
  ],
  [
    "/popup/puppy.js$domain=sueddeutsche.de",
    [
      1111826
    ]
  ],
  [
    "||userreport.com/aperitif/launcher.js",
    [
      1111827
    ]
  ],
  [
    "||apps.veedio.it/js/videobox$script",
    [
      1111828
    ]
  ],
  [
    "/responsive-player/video-feature-sticky.js",
    [
      1111829
    ]
  ],
  [
    "||s-pt.ppstatic.pl/p/js/regionalne/plywajace_wideo.js$script",
    [
      1111830
    ]
  ],
  [
    "/js/compiled/atoms/article/sticky-video.js",
    [
      1111831
    ]
  ],
  [
    "||sdk.digitalbees.it/jssdk.js$script",
    [
      1111832
    ]
  ],
  [
    "||live.sekindo.com/live/liveView.php$script",
    [
      1111833
    ]
  ],
  [
    "||c.jsrdn.com/s/cs.js$script",
    [
      1111834
    ]
  ],
  [
    "||playwire.com/plugins/docky.min.js$script",
    [
      1111835
    ]
  ],
  [
    "||cdn.connatix.com/min/connatix.renderer.infeed.min.js$script",
    [
      1111836
    ]
  ],
  [
    "||ultimedia.com/api/widget/smart$script",
    [
      1111837
    ]
  ],
  [
    "||stream.playbuzz.com/embed/sdk.js$script",
    [
      1111838
    ]
  ],
  [
    "||delivery.youplay.se/load.js$script",
    [
      1111839
    ]
  ],
  [
    "embed.sendtonews.com",
    [
      1111840
    ]
  ],
  [
    "/wp-content/plugins/pmc-plugins/pmc-adm/*",
    [
      1111841
    ]
  ],
  [
    "||services.brid.tv/player$script",
    [
      1111842
    ]
  ],
  [
    "||mgid.com/js/wglibs/mgWidget$script",
    [
      1111843
    ]
  ],
  [
    "/stn-player.js$domain=titantv.com",
    [
      1111844
    ]
  ],
  [
    "||vplayer.enthusiastgaming.com/player/build/plugins/slideinview/*",
    [
      1111845
    ]
  ],
  [
    "/mol-adverts-delayed.js$domain=dailymail.co.uk",
    [
      1111846
    ]
  ],
  [
    "/twocol_article_autoplay/*$domain=belfasttelegraph.co.uk",
    [
      1111847
    ]
  ],
  [
    "players.brightcove.net$domain=uproxx.com",
    [
      1111848
    ]
  ],
  [
    "/coronaWidget5/*$domain=ibtimes.sg",
    [
      1111849
    ]
  ]
]